# cặp top1-top2 chênh <20% — nguyên liệu tiny model v1.5, KHÔNG chặn v1
hye	hyê	hyế
pop	póp	pọp
book	boók	boọk
tok	tók	tọk
rap	rập	rạp
ok	ók	ọk
chuyen	chuyển	chuyện
nou	noư	noứ
soo	soơ	soớ
ye	yê	yế
duoc	duốc	duộc
nguyen	nguyên	nguyễn
cook	coók	coọk
boot	boót	boọt
dot	dột	dốt
tien	tiên	tiền
kop	kóp	kọp
koch	kóch	kọch
hook	hoók	hoọk
bat	bắt	bất
rach	rạch	rách
mie	miê	miế
lou	loư	loứ
boo	boơ	boớ
doo	doơ	doớ
suu	suư	suứ
mou	moư	moứ
moo	moơ	moớ
root	roót	roọt
duo	duô	duơ
yeo	yêo	yếo
bye	byê	byế
goo	goơ	goớ
guam	gưam	gứam
noo	noơ	noớ
chou	choư	choứ
sook	soók	soọk
oak	oák	oạk
boat	boát	boạt
luo	luô	luơ
pie	piê	piế
dok	dók	dọk
koo	koơ	koớ
ak	ák	ạk
coop	coóp	coọp
kook	koók	koọk
loch	lóch	lọch
trap	trập	tráp
hoo	hoơ	hoớ
coat	coát	coạt
lok	lók	lọk
coo	coơ	coớ
kuo	kuô	kuơ
poop	poóp	poọp
uac	uác	uạc
loop	loóp	loọp
hou	hoư	hoứ
dye	dyê	dyế
guo	guô	guơ
kok	kók	kọk
truoc	truóc	truọc
bak	bák	bạk
goat	goát	goạt
bok	bók	bọk
rot	rốt	rớt
lat	lạt	lát
choo	choơ	choớ
cuu	cuư	cuứ
khoo	khoơ	khoớ
buu	buư	buứ
nak	nák	nạk
ou	oư	oứ
luu	luư	luứ
mak	mák	mạk
loo	loơ	loớ
loc	lộc	lọc
thien	thiện	thiên
dak	dák	dạk
rie	riê	riế
uu	uư	uứ
roach	roách	roạch
nye	nyê	nyế
oo	oơ	oớ
roo	roơ	roớ
iem	iêm	iếm
sak	sák	sạk
xie	xiê	xiế
ciem	ciêm	ciếm
cuo	cuô	cuơ
toot	toót	toọt
huu	huư	huứ
dieng	diêng	diếng
niem	niệm	niềm
uap	uáp	uạp
hak	hák	hạk
nok	nók	nọk
phou	phoư	phoứ
mook	moók	moọk
poo	poơ	poớ
rye	ryê	ryế
hok	hók	họk
bou	boư	boứ
ghat	ghát	ghạt
kye	kyê	kyế
rak	rák	rạk
chak	chák	chạk
kot	kót	kọt
gye	gyê	gyế
pye	pyê	pyế
quo	quở	quơ
pou	poư	poứ
troyat	troyát	troyạt
vuu	vuư	vuứ
kie	kiể	kiệ
mok	mók	mọk
ngoo	ngoơ	ngoớ
gook	goók	goọk
sou	soư	soứ
ie	iê	iế
nooch	noóch	noọch
uop	uóp	uọp
koop	koóp	koọp
sok	sók	sọk
nook	noók	noọk
chuu	chuư	chuứ
och	óch	ọch
gyeo	gyêo	gyếo
soop	soóp	soọp
sye	syê	syế
royen	royên	royến
oop	oóp	oọp
gou	goư	goứ
buat	buát	buạt
lye	lyê	lyế
hooch	hoóch	hoọch
hoch	hóch	họch
phot	phốt	phớt
hoop	hoóp	hoọp
trak	trák	trạk
khok	khók	khọk
troc	trọc	tróc
rook	roók	roọk
yeng	yêng	yểng
pooch	poóch	poọch
chye	chyê	chyế
yem	yểm	yếm
ieo	iêo	iếo
chok	chók	chọk
ruo	ruô	ruơ
noot	noót	noọt
ooo	oơo	oớo
boop	boóp	boọp
sie	siê	siế
dou	doư	doứ
toach	toách	toạch
nac	nạc	nấc
kuu	kuư	kuứ
moyen	moyên	moyến
doyen	doyên	doyến
cuop	cuóp	cuọp
ngat	ngặt	ngất
ngou	ngoư	ngoứ
uam	ưam	ứam
phak	phák	phạk
cie	ciê	ciế
toyen	toyên	toyến
rou	roư	roứ
uo	uô	uơ
moat	moát	moạt
loach	loách	loạch
suo	suô	suơ
truo	truô	truơ
cok	cók	cọk
cooch	coóch	coọch
guu	guư	guứ
tou	toư	toứ
gooch	goóch	goọch
coot	coót	coọt
truot	truót	truọt
puo	puô	puơ
kou	koư	koứ
boak	boák	boạk
guot	guót	guọt
phop	phóp	phọp
giuk	giúk	giụk
quat	quạt	quát
kac	kác	kạc
ruam	rưam	rứam
coch	cóch	cọch
huat	huát	huạt
roop	roóp	roọp
hoot	hoót	hoọt
quien	quiên	quiến
pep	pép	pẹp
suk	súk	sụk
met	mệt	mét
suit	suít	suịt
muc	mức	mục
bet	bét	bết
voip	voíp	voịp
viac	viác	viạc
cech	céch	cẹch
yak	yák	yạk
trek	trék	trẹk
duk	dúk	dụk
chuk	chúk	chụk
hoyt	hoýt	hoỵt
tek	ték	tẹk
kuyt	kuýt	kuỵt
ek	ék	ẹk
coit	coít	coịt
kuk	kúk	kụk
kiat	kiát	kiạt
guk	gúk	gụk
diac	diác	diạc
toit	toít	toịt
oip	oíp	oịp
yap	yáp	yạp
muk	múk	mụk
luk	lúk	lụk
truk	trúk	trụk
kut	kút	kụt
moit	moít	moịt
hiap	hiáp	hiạp
nuit	nuít	nuịt
liat	liát	liạt
triat	triát	triạt
doet	doét	doẹt
chek	chék	chẹk
ruch	rúch	rụch
poet	poét	poẹt
kek	kék	kẹk
kyat	kyát	kyạt
chiat	chiát	chiạt
puch	púch	pụch
duet	duét	duẹt
ruk	rúk	rụk
biak	biák	biạk
oyt	oýt	oỵt
iat	iát	iạt
uet	uét	uẹt
puk	púk	pụk
lek	lék	lẹk
diak	diák	diạk
buch	búch	bụch
duch	dúch	dụch
soit	soít	soịt
huet	huét	huẹt
xiap	xiáp	xiạp
nuch	núch	nụch
nhuc	nhục	nhức
siac	siác	siạc
iac	iác	iạc
triac	triác	triạc
cek	cék	cẹk
guyt	guýt	guỵt
sek	sék	sẹk
chuet	chuét	chuẹt
riat	riát	riạt
nguk	ngúk	ngụk
buit	buít	buịt
myat	myát	myạt
vuit	vuít	vuịt
ec	éc	ẹc
pech	péch	pẹch
moet	moét	moẹt
tik	tík	tịk
sik	sík	sịk
vip	víp	vịp
vic	víc	vịc
trip	tríp	trịp
ip	íp	ịp
pip	píp	pịp
nit	nít	nịt
chit	chít	chịt
yep	yếp	yệp
hic	híc	hịc
ric	ríc	rịc
sic	síc	sịc
quiet	quiết	quiệt
tyc	týc	tỵc
gip	gíp	gịp
chic	chíc	chịc
ik	ík	ịk
dit	dít	dịt
bik	bík	bịk
nik	ník	nịk
nyc	nýc	nỵc
thik	thík	thịk
triet	triệt	triết
xit	xịt	xít
pik	pík	pịk
ic	íc	ịc
cit	cít	cịt
poyet	poyết	poyệt
piech	piếch	piệch
yc	ýc	ỵc
nghip	nghíp	nghịp
chik	chík	chịk
dik	dík	dịk
rik	rík	rịk
siek	siếk	siệk
tiec	tiếc	tiệc
kyc	kýc	kỵc
dic	díc	dịc
cyc	cýc	cỵc
yec	yếc	yệc
tryp	trýp	trỵp
gic	gíc	gịc
miek	miếk	miệk
uyet	uyết	uyệt
kyet	kyết	kyệt
bic	bíc	bịc
miep	miếp	miệp
gyp	gýp	gỵp
vik	vík	vịk
dyet	dyết	dyệt
hyp	hýp	hỵp
thip	thíp	thịp
cic	cíc	cịc
nip	níp	nịp
